Last login: Tue May 16 11:55:14 on console
grc-denmark:~ mrgiglio$ git init
Initialized empty Git repository in /Users/mrgiglio/.git/
grc-denmark:~ mrgiglio$ git remote add origin https://github.com/gigliom/338_final.git
grc-denmark:~ mrgiglio$ git push -u origin master
error: src refspec master does not match any.
error: failed to push some refs to 'https://github.com/gigliom/338_final.git'
grc-denmark:~ mrgiglio$ cd desktop
grc-denmark:desktop mrgiglio$ cd 338_final_mrgiglio
grc-denmark:338_final_mrgiglio mrgiglio$ git init
Initialized empty Git repository in /Users/mrgiglio/Desktop/338_final_mrgiglio/.git/
grc-denmark:338_final_mrgiglio mrgiglio$ git remote add origin https://github.com/gigliom/338_final.git
grc-denmark:338_final_mrgiglio mrgiglio$ git push -u origin master
error: src refspec master does not match any.
error: failed to push some refs to 'https://github.com/gigliom/338_final.git'
grc-denmark:338_final_mrgiglio mrgiglio$ git push -u origin master
error: src refspec master does not match any.
error: failed to push some refs to 'https://github.com/gigliom/338_final.git'
grc-denmark:338_final_mrgiglio mrgiglio$ git remote add origin https://github.com/gigliom/338_final.git
fatal: remote origin already exists.
grc-denmark:338_final_mrgiglio mrgiglio$ git add -A
grc-denmark:338_final_mrgiglio mrgiglio$ git remote add origin https://github.com/gigliom/338_final.git
fatal: remote origin already exists.
grc-denmark:338_final_mrgiglio mrgiglio$ git push -u origin master
error: src refspec master does not match any.
error: failed to push some refs to 'https://github.com/gigliom/338_final.git'
grc-denmark:338_final_mrgiglio mrgiglio$ git commit -m  "create repository"
[master (root-commit) 681108e] create repository
 3 files changed, 13 insertions(+)
 create mode 100644 .DS_Store
 create mode 100644 index.html
 create mode 100644 styles.css
grc-denmark:338_final_mrgiglio mrgiglio$ git push -u origin master
Counting objects: 5, done.
Delta compression using up to 4 threads.
Compressing objects: 100% (4/4), done.
Writing objects: 100% (5/5), 611 bytes | 0 bytes/s, done.
Total 5 (delta 0), reused 0 (delta 0)
To https://github.com/gigliom/338_final.git
 * [new branch]      master -> master
Branch master set up to track remote branch master from origin.
grc-denmark:338_final_mrgiglio mrgiglio$ git commit -m "nav bar basics done"
On branch master
Your branch is up-to-date with 'origin/master'.
Changes not staged for commit:
	modified:   .DS_Store
	modified:   index.html
	deleted:    styles.css

Untracked files:
	css/

no changes added to commit
grc-denmark:338_final_mrgiglio mrgiglio$ git -A
Unknown option: -A
usage: git [--version] [--help] [-C <path>] [-c name=value]
           [--exec-path[=<path>]] [--html-path] [--man-path] [--info-path]
           [-p | --paginate | --no-pager] [--no-replace-objects] [--bare]
           [--git-dir=<path>] [--work-tree=<path>] [--namespace=<name>]
           <command> [<args>]
grc-denmark:338_final_mrgiglio mrgiglio$ git commit -am "double checking"
[master c185ddf] double checking
 3 files changed, 20 insertions(+), 4 deletions(-)
 delete mode 100644 styles.css
grc-denmark:338_final_mrgiglio mrgiglio$ git commit -am "footer started"
[master 511c607] footer started
 1 file changed, 14 insertions(+)
grc-denmark:338_final_mrgiglio mrgiglio$ git commit -am "comments"
[master b08628b] comments
 1 file changed, 8 insertions(+), 1 deletion(-)
grc-denmark:338_final_mrgiglio mrgiglio$ git push
Counting objects: 10, done.
Delta compression using up to 4 threads.
Compressing objects: 100% (10/10), done.
Writing objects: 100% (10/10), 1.58 KiB | 0 bytes/s, done.
Total 10 (delta 3), reused 0 (delta 0)
remote: Resolving deltas: 100% (3/3), completed with 1 local object.
To https://github.com/gigliom/338_final.git
   681108e..b08628b  master -> master
grc-denmark:338_final_mrgiglio mrgiglio$ git commit -am "5/16/17"
On branch master
Your branch is up-to-date with 'origin/master'.
Untracked files:
	css/
	images/

nothing added to commit but untracked files present
grc-denmark:338_final_mrgiglio mrgiglio$ git -A
Unknown option: -A
usage: git [--version] [--help] [-C <path>] [-c name=value]
           [--exec-path[=<path>]] [--html-path] [--man-path] [--info-path]
           [-p | --paginate | --no-pager] [--no-replace-objects] [--bare]
           [--git-dir=<path>] [--work-tree=<path>] [--namespace=<name>]
           <command> [<args>]
grc-denmark:338_final_mrgiglio mrgiglio$ git commit "add images"
error: pathspec 'add images' did not match any file(s) known to git.
grc-denmark:338_final_mrgiglio mrgiglio$ git commit -m "add images?"
On branch master
Your branch is up-to-date with 'origin/master'.
Untracked files:
	css/
	images/

nothing added to commit but untracked files present
grc-denmark:338_final_mrgiglio mrgiglio$ git add -A
grc-denmark:338_final_mrgiglio mrgiglio$ git -am "add image?"
Unknown option: -am
usage: git [--version] [--help] [-C <path>] [-c name=value]
           [--exec-path[=<path>]] [--html-path] [--man-path] [--info-path]
           [-p | --paginate | --no-pager] [--no-replace-objects] [--bare]
           [--git-dir=<path>] [--work-tree=<path>] [--namespace=<name>]
           <command> [<args>]
grc-denmark:338_final_mrgiglio mrgiglio$ git commit -m "images sos"
[master 87960ad] images sos
 3 files changed, 37 insertions(+)
 create mode 100644 css/.DS_Store
 create mode 100644 css/styles.css
 create mode 100644 images/wine-index.jpg
grc-denmark:338_final_mrgiglio mrgiglio$ git push
Counting objects: 7, done.
Delta compression using up to 4 threads.
Compressing objects: 100% (6/6), done.
Writing objects: 100% (7/7), 56.67 KiB | 0 bytes/s, done.
Total 7 (delta 0), reused 0 (delta 0)
To https://github.com/gigliom/338_final.git
   b08628b..87960ad  master -> master
grc-denmark:338_final_mrgiglio mrgiglio$ git log
commit 87960ad27c4904309cb49e2f7aba582291b7bc5e
Author: Maddy Giglio <madelyngiglio@yahoo.com>
Date:   Tue May 16 14:57:26 2017 -0700

    images sos

commit b08628b7244157bc84d5e4849870e05713b7f005
Author: Maddy Giglio <madelyngiglio@yahoo.com>
Date:   Tue May 16 14:56:01 2017 -0700

    comments

commit 511c607567fc605790c70ac9fd58851a9246bddd
Author: Maddy Giglio <madelyngiglio@yahoo.com>
Date:   Tue May 16 14:53:24 2017 -0700

    footer started

commit c185ddf12ce4ce8a6adb1047e48c26d637217a5a
Author: Maddy Giglio <madelyngiglio@yahoo.com>
Date:   Tue May 16 14:26:43 2017 -0700

    double checking

commit 681108e706e5c07a247fe8591cac8087a64cee33
Author: Maddy Giglio <madelyngiglio@yahoo.com>
Date:   Tue May 16 13:18:33 2017 -0700

    create repository
grc-denmark:338_final_mrgiglio mrgiglio$ 
  [Restored May 23, 2017, 12:01:10 PM]
Last login: Tue May 23 12:00:57 on console
Restored session: Tue May 16 14:59:05 PDT 2017
grc-denmark:338_final_mrgiglio mrgiglio$ git add -A
grc-denmark:338_final_mrgiglio mrgiglio$ git commit -m "added home.html and new index"
[master ac3b901] added home.html and new index
 7 files changed, 549 insertions(+), 63 deletions(-)
 create mode 100755 css/960_12_col.css
 copy index.html => home.html (83%)
 create mode 100644 images/home_background.jpg
 rewrite index.html (76%)
 create mode 100644 progress_report_5.16.17_mrgiglio.txt
grc-denmark:338_final_mrgiglio mrgiglio$ git commit -am "remove home.html, go back to one home page"
[master 8d18c39] remove home.html, go back to one home page
 4 files changed, 73 insertions(+), 12 deletions(-)
grc-denmark:338_final_mrgiglio mrgiglio$ git add -A
grc-denmark:338_final_mrgiglio mrgiglio$ git commit -m "Added html for other pages"
[master 5259bc5] Added html for other pages
 6 files changed, 91 insertions(+), 6 deletions(-)
 create mode 100644 aboutus.html
 create mode 100644 images/home.gif
 create mode 100644 ourwines.html
 create mode 100644 thevineyards.html
grc-denmark:338_final_mrgiglio mrgiglio$ git add -A
grc-denmark:338_final_mrgiglio mrgiglio$ git commit -m "Added wine shops page and footer to all pages"
[master e67e6dc] Added wine shops page and footer to all pages
 5 files changed, 80 insertions(+), 7 deletions(-)
 create mode 100644 wineshops.html
grc-denmark:338_final_mrgiglio mrgiglio$ git push
Counting objects: 33, done.
Delta compression using up to 4 threads.
Compressing objects: 100% (32/32), done.
Writing objects: 100% (33/33), 162.27 KiB | 0 bytes/s, done.
Total 33 (delta 17), reused 0 (delta 0)
remote: Resolving deltas: 100% (17/17), completed with 2 local objects.
To https://github.com/gigliom/338_final.git
   87960ad..e67e6dc  master -> master
grc-denmark:338_final_mrgiglio mrgiglio$ git log
commit e67e6dc654407602fd68d66cf5b2bbb388189282
Author: Maddy Giglio <madelyngiglio@yahoo.com>
Date:   Tue May 23 14:46:53 2017 -0700

    Added wine shops page and footer to all pages

commit 5259bc5bc71c0a32c679cac7954e6af9afc12262
Author: Maddy Giglio <madelyngiglio@yahoo.com>
Date:   Tue May 23 14:43:02 2017 -0700

    Added html for other pages

commit 8d18c392282c9f4774a34c41f6f1e9b236cd32a8
Author: Maddy Giglio <madelyngiglio@yahoo.com>
Date:   Tue May 23 14:22:52 2017 -0700

    remove home.html, go back to one home page

commit ac3b9017e94874dd8f9e296929096998a7a2a791
Author: Maddy Giglio <madelyngiglio@yahoo.com>
Date:   Tue May 23 13:11:29 2017 -0700

    added home.html and new index

commit 87960ad27c4904309cb49e2f7aba582291b7bc5e
Author: Maddy Giglio <madelyngiglio@yahoo.com>
Date:   Tue May 16 14:57:26 2017 -0700

    images sos

commit b08628b7244157bc84d5e4849870e05713b7f005
Author: Maddy Giglio <madelyngiglio@yahoo.com>
Date:   Tue May 16 14:56:01 2017 -0700

    comments

commit 511c607567fc605790c70ac9fd58851a9246bddd
Author: Maddy Giglio <madelyngiglio@yahoo.com>
Date:   Tue May 16 14:53:24 2017 -0700

    footer started
:...skipping...
commit e67e6dc654407602fd68d66cf5b2bbb388189282
Author: Maddy Giglio <madelyngiglio@yahoo.com>
Date:   Tue May 23 14:46:53 2017 -0700

    Added wine shops page and footer to all pages

commit 5259bc5bc71c0a32c679cac7954e6af9afc12262
Author: Maddy Giglio <madelyngiglio@yahoo.com>
Date:   Tue May 23 14:43:02 2017 -0700

    Added html for other pages

commit 8d18c392282c9f4774a34c41f6f1e9b236cd32a8
Author: Maddy Giglio <madelyngiglio@yahoo.com>
Date:   Tue May 23 14:22:52 2017 -0700

    remove home.html, go back to one home page

commit ac3b9017e94874dd8f9e296929096998a7a2a791
Author: Maddy Giglio <madelyngiglio@yahoo.com>
Date:   Tue May 23 13:11:29 2017 -0700

    added home.html and new index

commit 87960ad27c4904309cb49e2f7aba582291b7bc5e
Author: Maddy Giglio <madelyngiglio@yahoo.com>
Date:   Tue May 16 14:57:26 2017 -0700

    images sos

commit b08628b7244157bc84d5e4849870e05713b7f005
Author: Maddy Giglio <madelyngiglio@yahoo.com>
Date:   Tue May 16 14:56:01 2017 -0700

    comments

commit 511c607567fc605790c70ac9fd58851a9246bddd
Author: Maddy Giglio <madelyngiglio@yahoo.com>
Date:   Tue May 16 14:53:24 2017 -0700

    footer started

commit c185ddf12ce4ce8a6adb1047e48c26d637217a5a
:...skipping...
commit e67e6dc654407602fd68d66cf5b2bbb388189282
Author: Maddy Giglio <madelyngiglio@yahoo.com>
Date:   Tue May 23 14:46:53 2017 -0700

    Added wine shops page and footer to all pages

commit 5259bc5bc71c0a32c679cac7954e6af9afc12262
Author: Maddy Giglio <madelyngiglio@yahoo.com>
Date:   Tue May 23 14:43:02 2017 -0700

    Added html for other pages

commit 8d18c392282c9f4774a34c41f6f1e9b236cd32a8
Author: Maddy Giglio <madelyngiglio@yahoo.com>
Date:   Tue May 23 14:22:52 2017 -0700

    remove home.html, go back to one home page

commit ac3b9017e94874dd8f9e296929096998a7a2a791
Author: Maddy Giglio <madelyngiglio@yahoo.com>
Date:   Tue May 23 13:11:29 2017 -0700

    added home.html and new index

commit 87960ad27c4904309cb49e2f7aba582291b7bc5e
Author: Maddy Giglio <madelyngiglio@yahoo.com>
Date:   Tue May 16 14:57:26 2017 -0700

    images sos

commit b08628b7244157bc84d5e4849870e05713b7f005
Author: Maddy Giglio <madelyngiglio@yahoo.com>
Date:   Tue May 16 14:56:01 2017 -0700

    comments

commit 511c607567fc605790c70ac9fd58851a9246bddd
Author: Maddy Giglio <madelyngiglio@yahoo.com>
Date:   Tue May 16 14:53:24 2017 -0700

    footer started

commit c185ddf12ce4ce8a6adb1047e48c26d637217a5a
Author: Maddy Giglio <madelyngiglio@yahoo.com>
Date:   Tue May 16 14:26:43 2017 -0700
:...skipping...
commit e67e6dc654407602fd68d66cf5b2bbb388189282
Author: Maddy Giglio <madelyngiglio@yahoo.com>
Date:   Tue May 23 14:46:53 2017 -0700

    Added wine shops page and footer to all pages

commit 5259bc5bc71c0a32c679cac7954e6af9afc12262
Author: Maddy Giglio <madelyngiglio@yahoo.com>
Date:   Tue May 23 14:43:02 2017 -0700

    Added html for other pages

commit 8d18c392282c9f4774a34c41f6f1e9b236cd32a8
Author: Maddy Giglio <madelyngiglio@yahoo.com>
Date:   Tue May 23 14:22:52 2017 -0700

    remove home.html, go back to one home page

commit ac3b9017e94874dd8f9e296929096998a7a2a791
Author: Maddy Giglio <madelyngiglio@yahoo.com>
Date:   Tue May 23 13:11:29 2017 -0700

    added home.html and new index

commit 87960ad27c4904309cb49e2f7aba582291b7bc5e
Author: Maddy Giglio <madelyngiglio@yahoo.com>
Date:   Tue May 16 14:57:26 2017 -0700

    images sos

commit b08628b7244157bc84d5e4849870e05713b7f005
Author: Maddy Giglio <madelyngiglio@yahoo.com>
Date:   Tue May 16 14:56:01 2017 -0700

    comments

commit 511c607567fc605790c70ac9fd58851a9246bddd
Author: Maddy Giglio <madelyngiglio@yahoo.com>
Date:   Tue May 16 14:53:24 2017 -0700

    footer started

commit c185ddf12ce4ce8a6adb1047e48c26d637217a5a
Author: Maddy Giglio <madelyngiglio@yahoo.com>
Date:   Tue May 16 14:26:43 2017 -0700

:...skipping...
commit e67e6dc654407602fd68d66cf5b2bbb388189282
Author: Maddy Giglio <madelyngiglio@yahoo.com>
Date:   Tue May 23 14:46:53 2017 -0700

    Added wine shops page and footer to all pages

commit 5259bc5bc71c0a32c679cac7954e6af9afc12262
Author: Maddy Giglio <madelyngiglio@yahoo.com>
Date:   Tue May 23 14:43:02 2017 -0700

    Added html for other pages

commit 8d18c392282c9f4774a34c41f6f1e9b236cd32a8
Author: Maddy Giglio <madelyngiglio@yahoo.com>
Date:   Tue May 23 14:22:52 2017 -0700

    remove home.html, go back to one home page

commit ac3b9017e94874dd8f9e296929096998a7a2a791
Author: Maddy Giglio <madelyngiglio@yahoo.com>
Date:   Tue May 23 13:11:29 2017 -0700

    added home.html and new index

commit 87960ad27c4904309cb49e2f7aba582291b7bc5e
Author: Maddy Giglio <madelyngiglio@yahoo.com>
Date:   Tue May 16 14:57:26 2017 -0700

    images sos

commit b08628b7244157bc84d5e4849870e05713b7f005
Author: Maddy Giglio <madelyngiglio@yahoo.com>
Date:   Tue May 16 14:56:01 2017 -0700

    comments

commit 511c607567fc605790c70ac9fd58851a9246bddd
Author: Maddy Giglio <madelyngiglio@yahoo.com>
Date:   Tue May 16 14:53:24 2017 -0700

    footer started

commit c185ddf12ce4ce8a6adb1047e48c26d637217a5a
Author: Maddy Giglio <madelyngiglio@yahoo.com>
Date:   Tue May 16 14:26:43 2017 -0700

    double checking

commit 681108e706e5c07a247fe8591cac8087a64cee33
:...skipping...
commit e67e6dc654407602fd68d66cf5b2bbb388189282
Author: Maddy Giglio <madelyngiglio@yahoo.com>
Date:   Tue May 23 14:46:53 2017 -0700

    Added wine shops page and footer to all pages

commit 5259bc5bc71c0a32c679cac7954e6af9afc12262
Author: Maddy Giglio <madelyngiglio@yahoo.com>
Date:   Tue May 23 14:43:02 2017 -0700

    Added html for other pages

commit 8d18c392282c9f4774a34c41f6f1e9b236cd32a8
Author: Maddy Giglio <madelyngiglio@yahoo.com>
Date:   Tue May 23 14:22:52 2017 -0700

    remove home.html, go back to one home page

commit ac3b9017e94874dd8f9e296929096998a7a2a791
Author: Maddy Giglio <madelyngiglio@yahoo.com>
Date:   Tue May 23 13:11:29 2017 -0700

    added home.html and new index

commit 87960ad27c4904309cb49e2f7aba582291b7bc5e
Author: Maddy Giglio <madelyngiglio@yahoo.com>
Date:   Tue May 16 14:57:26 2017 -0700

    images sos

commit b08628b7244157bc84d5e4849870e05713b7f005
Author: Maddy Giglio <madelyngiglio@yahoo.com>
Date:   Tue May 16 14:56:01 2017 -0700

    comments

commit 511c607567fc605790c70ac9fd58851a9246bddd
Author: Maddy Giglio <madelyngiglio@yahoo.com>
Date:   Tue May 16 14:53:24 2017 -0700

    footer started

commit c185ddf12ce4ce8a6adb1047e48c26d637217a5a
Author: Maddy Giglio <madelyngiglio@yahoo.com>
Date:   Tue May 16 14:26:43 2017 -0700

    double checking

commit 681108e706e5c07a247fe8591cac8087a64cee33
Author: Maddy Giglio <madelyngiglio@yahoo.com>
Date:   Tue May 16 13:18:33 2017 -0700
:...skipping...
commit e67e6dc654407602fd68d66cf5b2bbb388189282
Author: Maddy Giglio <madelyngiglio@yahoo.com>
Date:   Tue May 23 14:46:53 2017 -0700

    Added wine shops page and footer to all pages

commit 5259bc5bc71c0a32c679cac7954e6af9afc12262
Author: Maddy Giglio <madelyngiglio@yahoo.com>
Date:   Tue May 23 14:43:02 2017 -0700

    Added html for other pages

commit 8d18c392282c9f4774a34c41f6f1e9b236cd32a8
Author: Maddy Giglio <madelyngiglio@yahoo.com>
Date:   Tue May 23 14:22:52 2017 -0700

    remove home.html, go back to one home page

commit ac3b9017e94874dd8f9e296929096998a7a2a791
Author: Maddy Giglio <madelyngiglio@yahoo.com>
Date:   Tue May 23 13:11:29 2017 -0700

    added home.html and new index

commit 87960ad27c4904309cb49e2f7aba582291b7bc5e
Author: Maddy Giglio <madelyngiglio@yahoo.com>
Date:   Tue May 16 14:57:26 2017 -0700

    images sos

commit b08628b7244157bc84d5e4849870e05713b7f005
Author: Maddy Giglio <madelyngiglio@yahoo.com>
Date:   Tue May 16 14:56:01 2017 -0700

    comments

commit 511c607567fc605790c70ac9fd58851a9246bddd
Author: Maddy Giglio <madelyngiglio@yahoo.com>
Date:   Tue May 16 14:53:24 2017 -0700

    footer started

commit c185ddf12ce4ce8a6adb1047e48c26d637217a5a
Author: Maddy Giglio <madelyngiglio@yahoo.com>
Date:   Tue May 16 14:26:43 2017 -0700

    double checking

commit 681108e706e5c07a247fe8591cac8087a64cee33
Author: Maddy Giglio <madelyngiglio@yahoo.com>
Date:   Tue May 16 13:18:33 2017 -0700

:...skipping...
commit e67e6dc654407602fd68d66cf5b2bbb388189282
Author: Maddy Giglio <madelyngiglio@yahoo.com>
Date:   Tue May 23 14:46:53 2017 -0700

    Added wine shops page and footer to all pages

commit 5259bc5bc71c0a32c679cac7954e6af9afc12262
Author: Maddy Giglio <madelyngiglio@yahoo.com>
Date:   Tue May 23 14:43:02 2017 -0700

    Added html for other pages

commit 8d18c392282c9f4774a34c41f6f1e9b236cd32a8
Author: Maddy Giglio <madelyngiglio@yahoo.com>
Date:   Tue May 23 14:22:52 2017 -0700

    remove home.html, go back to one home page

commit ac3b9017e94874dd8f9e296929096998a7a2a791
Author: Maddy Giglio <madelyngiglio@yahoo.com>
Date:   Tue May 23 13:11:29 2017 -0700

    added home.html and new index

commit 87960ad27c4904309cb49e2f7aba582291b7bc5e
Author: Maddy Giglio <madelyngiglio@yahoo.com>
Date:   Tue May 16 14:57:26 2017 -0700

    images sos

commit b08628b7244157bc84d5e4849870e05713b7f005
Author: Maddy Giglio <madelyngiglio@yahoo.com>
Date:   Tue May 16 14:56:01 2017 -0700

    comments

commit 511c607567fc605790c70ac9fd58851a9246bddd
Author: Maddy Giglio <madelyngiglio@yahoo.com>
Date:   Tue May 16 14:53:24 2017 -0700

    footer started

commit c185ddf12ce4ce8a6adb1047e48c26d637217a5a
Author: Maddy Giglio <madelyngiglio@yahoo.com>
Date:   Tue May 16 14:26:43 2017 -0700

    double checking

commit 681108e706e5c07a247fe8591cac8087a64cee33
Author: Maddy Giglio <madelyngiglio@yahoo.com>
Date:   Tue May 16 13:18:33 2017 -0700

    create repository
:...skipping...
commit e67e6dc654407602fd68d66cf5b2bbb388189282
Author: Maddy Giglio <madelyngiglio@yahoo.com>
Date:   Tue May 23 14:46:53 2017 -0700

    Added wine shops page and footer to all pages

commit 5259bc5bc71c0a32c679cac7954e6af9afc12262
Author: Maddy Giglio <madelyngiglio@yahoo.com>
Date:   Tue May 23 14:43:02 2017 -0700

    Added html for other pages

commit 8d18c392282c9f4774a34c41f6f1e9b236cd32a8
Author: Maddy Giglio <madelyngiglio@yahoo.com>
Date:   Tue May 23 14:22:52 2017 -0700

    remove home.html, go back to one home page

commit ac3b9017e94874dd8f9e296929096998a7a2a791
Author: Maddy Giglio <madelyngiglio@yahoo.com>
Date:   Tue May 23 13:11:29 2017 -0700

    added home.html and new index

commit 87960ad27c4904309cb49e2f7aba582291b7bc5e
Author: Maddy Giglio <madelyngiglio@yahoo.com>
Date:   Tue May 16 14:57:26 2017 -0700

    images sos

commit b08628b7244157bc84d5e4849870e05713b7f005
Author: Maddy Giglio <madelyngiglio@yahoo.com>
Date:   Tue May 16 14:56:01 2017 -0700

    comments

commit 511c607567fc605790c70ac9fd58851a9246bddd
Author: Maddy Giglio <madelyngiglio@yahoo.com>
Date:   Tue May 16 14:53:24 2017 -0700

    footer started

commit c185ddf12ce4ce8a6adb1047e48c26d637217a5a
Author: Maddy Giglio <madelyngiglio@yahoo.com>
Date:   Tue May 16 14:26:43 2017 -0700

    double checking

commit 681108e706e5c07a247fe8591cac8087a64cee33
Author: Maddy Giglio <madelyngiglio@yahoo.com>
Date:   Tue May 16 13:18:33 2017 -0700

    create repository
~
grc-denmark:338_final_mrgiglio mrgiglio$ 
